WorldEpisode LeRobot front-camera policy vision smoke
status=training_step_smoke_passed
host=golden-apple
python=3.12.13
lerobot=0.6.0
torch=2.11.0+cu130
cuda_available=true
image_features=["observation.images.front"]
sample_shapes={"action": [6], "episode_index": [], "frame_index": [], "index": [], "next.done": [], "next.reward": [], "observation.images.front": [3, 576, 1024], "observation.state": [6], "task_index": [], "timestamp": []}

[act]
status=completed
return_code=0
duration_seconds=9.162544
INFO 2026-07-20 20:24:36 ot_train.py:232 {'batch_size': 2,
 'checkpoint_path': None,
 'cudnn_deterministic': False,
 'dataset': {'depth_output_unit': 'mm',
             'episodes': None,
             'eval_split': 0.0,
             'image_transforms': {'enable': False,
                                  'max_num_transforms': 3,
                                  'random_order': False,
                                  'tfs': {'affine': {'kwargs': {'degrees': [-5.0,
                                                                            5.0],
                                                                'translate': [0.05,
                                                                              0.05]},
                                                     'type': 'RandomAffine',
                                                     'weight': 1.0},
                                          'brightness': {'kwargs': {'brightness': [0.8,
                                                                                   1.2]},
                                                         'type': 'ColorJitter',
                                                         'weight': 1.0},
                                          'contrast': {'kwargs': {'contrast': [0.8,
                                                                               1.2]},
                                                       'type': 'ColorJitter',
                                                       'weight': 1.0},
                                          'hue': {'kwargs': {'hue': [-0.05,
                                                                     0.05]},
                                                  'type': 'ColorJitter',
                                                  'weight': 1.0},
                                          'saturation': {'kwargs': {'saturation': [0.5,
                                                                                   1.5]},
                                                         'type': 'ColorJitter',
                                                         'weight': 1.0},
                                          'sharpness': {'kwargs': {'sharpness': [0.5,
                                                                                 1.5]},
                                                        'type': 'SharpnessJitter',
                                                        'weight': 1.0}}},
             'repo_id': 'worldepisode/armnetbench_v01_lerobot_so101_random_episode_train',
             'return_uint8': False,
             'revision': None,
             'root': '$DATASET_ROOT',
             'streaming': False,
             'use_imagenet_stats': True,
             'video_backend': 'torchcodec'},
 'env': None,
 'env_eval_freq': 20000,
 'eval': {'batch_size': 14,
          'n_episodes': 50,
          'recording': False,
          'recording_private': False,
          'recording_repo_id': None,
          'use_async_envs': True},
 'eval_steps': 0,
 'job': {'detach': False,
         'image': 'huggingface/lerobot-gpu:latest',
         'tags': [],
         'target': None,
         'timeout': '2d'},
 'job_name': 'act_compatibility_smoke',
 'log_freq': 200,
 'max_eval_samples': 0,
 'num_workers': 0,
 'optimizer': {'betas': [0.9, 0.999],
               'eps': 1e-08,
               'grad_clip_norm': 10.0,
               'lr': 1e-05,
               'type': 'adamw',
               'weight_decay': 0.0001},
 'output_dir': '$WORK_DIR/act',
 'peft': None,
 'persistent_workers': True,
 'policy': {'chunk_size': 100,
            'device': 'cuda',
            'dim_feedforward': 3200,
            'dim_model': 512,
            'dropout': 0.1,
            'feedforward_activation': 'relu',
            'input_features': {},
            'kl_weight': 10.0,
            'latent_dim': 32,
            'license': None,
            'n_action_steps': 100,
            'n_decoder_layers': 1,
            'n_encoder_layers': 4,
            'n_heads': 8,
            'n_obs_steps': 1,
            'n_vae_encoder_layers': 4,
            'normalization_mapping': {'ACTION': <NormalizationMode.MEAN_STD: 'MEAN_STD'>,
                                      'STATE': <NormalizationMode.MEAN_STD: 'MEAN_STD'>,
                                      'VISUAL': <NormalizationMode.MEAN_STD: 'MEAN_STD'>},
            'optimizer_lr': 1e-05,
            'optimizer_lr_backbone': 1e-05,
            'optimizer_weight_decay': 0.0001,
            'output_features': {},
            'pre_norm': False,
            'pretrained_backbone_weights': 'ResNet18_Weights.IMAGENET1K_V1',
            'pretrained_path': None,
            'pretrained_revision': None,
            'private': None,
            'push_to_hub': False,
            'replace_final_stride_with_dilation': False,
            'repo_id': None,
            'tags': None,
            'temporal_ensemble_coeff': None,
            'type': 'act',
            'use_amp': False,
            'use_peft': False,
            'use_vae': True,
            'vision_backbone': 'resnet18'},
 'prefetch_factor': 4,
 'rename_map': {},
 'resume': False,
 'reward_model': None,
 'sample_weighting': None,
 'save_checkpoint': False,
 'save_checkpoint_to_hub': False,
 'save_freq': 20000,
 'scheduler': None,
 'seed': 17,
 'steps': 1,
 'tolerance_s': 0.0001,
 'use_policy_training_preset': True,
 'wandb': {'add_tags': True,
           'disable_artifact': False,
           'enable': False,
           'entity': None,
           'mode': None,
           'notes': None,
           'project': 'lerobot',
           'run_id': None}}
INFO 2026-07-20 20:24:36 ot_train.py:240 Logs will be saved locally.
INFO 2026-07-20 20:24:36 ot_train.py:258 Creating dataset
INFO 2026-07-20 20:24:36 ot_train.py:292 Creating policy
INFO 2026-07-20 20:24:37 ot_train.py:365 Creating optimizer and scheduler
INFO 2026-07-20 20:24:37 ot_train.py:397 Output dir: $WORK_DIR/act
INFO 2026-07-20 20:24:37 ot_train.py:404 cfg.steps=1 (1)
INFO 2026-07-20 20:24:37 ot_train.py:405 dataset.num_frames=98990 (99K)
INFO 2026-07-20 20:24:37 ot_train.py:406 dataset.num_episodes=320
INFO 2026-07-20 20:24:37 ot_train.py:409 Effective batch size: 2 x 1 = 2
INFO 2026-07-20 20:24:37 ot_train.py:410 num_learnable_params=51597190 (52M)
INFO 2026-07-20 20:24:37 ot_train.py:411 num_total_params=51597190 (52M)

Training:   0%|          | 0/1 [00:00<?, ?step/s]INFO 2026-07-20 20:24:37 ot_train.py:562 Start offline training on a fixed dataset, with effective batch size: 2

Training: 100%|██████████| 1/1 [00:03<00:00,  3.71s/step]
Training: 100%|██████████| 1/1 [00:03<00:00,  3.71s/step]
INFO 2026-07-20 20:24:40 ot_train.py:737 End of training

[diffusion]
status=completed
return_code=0
duration_seconds=14.116329
INFO 2026-07-20 20:24:45 ot_train.py:232 {'batch_size': 2,
 'checkpoint_path': None,
 'cudnn_deterministic': False,
 'dataset': {'depth_output_unit': 'mm',
             'episodes': None,
             'eval_split': 0.0,
             'image_transforms': {'enable': False,
                                  'max_num_transforms': 3,
                                  'random_order': False,
                                  'tfs': {'affine': {'kwargs': {'degrees': [-5.0,
                                                                            5.0],
                                                                'translate': [0.05,
                                                                              0.05]},
                                                     'type': 'RandomAffine',
                                                     'weight': 1.0},
                                          'brightness': {'kwargs': {'brightness': [0.8,
                                                                                   1.2]},
                                                         'type': 'ColorJitter',
                                                         'weight': 1.0},
                                          'contrast': {'kwargs': {'contrast': [0.8,
                                                                               1.2]},
                                                       'type': 'ColorJitter',
                                                       'weight': 1.0},
                                          'hue': {'kwargs': {'hue': [-0.05,
                                                                     0.05]},
                                                  'type': 'ColorJitter',
                                                  'weight': 1.0},
                                          'saturation': {'kwargs': {'saturation': [0.5,
                                                                                   1.5]},
                                                         'type': 'ColorJitter',
                                                         'weight': 1.0},
                                          'sharpness': {'kwargs': {'sharpness': [0.5,
                                                                                 1.5]},
                                                        'type': 'SharpnessJitter',
                                                        'weight': 1.0}}},
             'repo_id': 'worldepisode/armnetbench_v01_lerobot_so101_random_episode_train',
             'return_uint8': False,
             'revision': None,
             'root': '$DATASET_ROOT',
             'streaming': False,
             'use_imagenet_stats': True,
             'video_backend': 'torchcodec'},
 'env': None,
 'env_eval_freq': 20000,
 'eval': {'batch_size': 14,
          'n_episodes': 50,
          'recording': False,
          'recording_private': False,
          'recording_repo_id': None,
          'use_async_envs': True},
 'eval_steps': 0,
 'job': {'detach': False,
         'image': 'huggingface/lerobot-gpu:latest',
         'tags': [],
         'target': None,
         'timeout': '2d'},
 'job_name': 'diffusion_compatibility_smoke',
 'log_freq': 200,
 'max_eval_samples': 0,
 'num_workers': 0,
 'optimizer': {'betas': [0.95, 0.999],
               'eps': 1e-08,
               'grad_clip_norm': 10.0,
               'lr': 0.0001,
               'type': 'adam',
               'weight_decay': 1e-06},
 'output_dir': '$WORK_DIR/diffusion',
 'peft': None,
 'persistent_workers': True,
 'policy': {'beta_end': 0.02,
            'beta_schedule': 'squaredcos_cap_v2',
            'beta_start': 0.0001,
            'clip_sample': True,
            'clip_sample_range': 1.0,
            'compile_mode': 'reduce-overhead',
            'compile_model': False,
            'crop_is_random': True,
            'crop_ratio': 1.0,
            'crop_shape': None,
            'device': 'cuda',
            'diffusion_step_embed_dim': 128,
            'do_mask_loss_for_padding': False,
            'down_dims': [512, 1024, 2048],
            'drop_n_last_frames': 7,
            'horizon': 64,
            'input_features': {},
            'kernel_size': 5,
            'license': None,
            'n_action_steps': 32,
            'n_groups': 8,
            'n_obs_steps': 2,
            'noise_scheduler_type': 'DDPM',
            'normalization_mapping': {'ACTION': <NormalizationMode.MIN_MAX: 'MIN_MAX'>,
                                      'STATE': <NormalizationMode.MIN_MAX: 'MIN_MAX'>,
                                      'VISUAL': <NormalizationMode.MEAN_STD: 'MEAN_STD'>},
            'num_inference_steps': None,
            'num_train_timesteps': 100,
            'optimizer_betas': [0.95, 0.999],
            'optimizer_eps': 1e-08,
            'optimizer_lr': 0.0001,
            'optimizer_weight_decay': 1e-06,
            'output_features': {},
            'prediction_type': 'epsilon',
            'pretrained_backbone_weights': 'ResNet18_Weights.IMAGENET1K_V1',
            'pretrained_path': None,
            'pretrained_revision': None,
            'private': None,
            'push_to_hub': False,
            'repo_id': None,
            'resize_shape': None,
            'scheduler_name': 'cosine',
            'scheduler_warmup_steps': 500,
            'spatial_softmax_num_keypoints': 32,
            'tags': None,
            'type': 'diffusion',
            'use_amp': False,
            'use_film_scale_modulation': True,
            'use_group_norm': False,
            'use_peft': False,
            'use_separate_rgb_encoder_per_camera': True,
            'vision_backbone': 'resnet18'},
 'prefetch_factor': 4,
 'rename_map': {},
 'resume': False,
 'reward_model': None,
 'sample_weighting': None,
 'save_checkpoint': False,
 'save_checkpoint_to_hub': False,
 'save_freq': 20000,
 'scheduler': {'name': 'cosine', 'num_warmup_steps': 500, 'type': 'diffuser'},
 'seed': 17,
 'steps': 1,
 'tolerance_s': 0.0001,
 'use_policy_training_preset': True,
 'wandb': {'add_tags': True,
           'disable_artifact': False,
           'enable': False,
           'entity': None,
           'mode': None,
           'notes': None,
           'project': 'lerobot',
           'run_id': None}}
INFO 2026-07-20 20:24:45 ot_train.py:240 Logs will be saved locally.
INFO 2026-07-20 20:24:45 ot_train.py:258 Creating dataset
INFO 2026-07-20 20:24:45 ot_train.py:292 Creating policy
INFO 2026-07-20 20:24:46 ot_train.py:365 Creating optimizer and scheduler
INFO 2026-07-20 20:24:46 ot_train.py:397 Output dir: $WORK_DIR/diffusion
INFO 2026-07-20 20:24:46 ot_train.py:404 cfg.steps=1 (1)
INFO 2026-07-20 20:24:46 ot_train.py:405 dataset.num_frames=98990 (99K)
INFO 2026-07-20 20:24:46 ot_train.py:406 dataset.num_episodes=320
INFO 2026-07-20 20:24:46 ot_train.py:409 Effective batch size: 2 x 1 = 2
INFO 2026-07-20 20:24:46 ot_train.py:410 num_learnable_params=262952742 (263M)
INFO 2026-07-20 20:24:46 ot_train.py:411 num_total_params=262952742 (263M)

Training:   0%|          | 0/1 [00:00<?, ?step/s]INFO 2026-07-20 20:24:46 ot_train.py:562 Start offline training on a fixed dataset, with effective batch size: 2

Training: 100%|██████████| 1/1 [00:08<00:00,  8.11s/step]
Training: 100%|██████████| 1/1 [00:08<00:00,  8.11s/step]
INFO 2026-07-20 20:24:54 ot_train.py:737 End of training
