started_utc=2026-07-20T15:48:08Z
host_uname=Linux golden-apple 6.17.0-1026-nvidia #26-Ubuntu SMP PREEMPT_DYNAMIC Thu Jun 25 00:57:17 UTC 2026 aarch64 aarch64 aarch64 GNU/Linux
machine=aarch64
cpu_logical_count=20
total_ram_bytes=130663170048
storage_total_bytes=3937360351232
storage_free_bytes=324410216448
gpu_info=NVIDIA GB10, 580.159.03, [N/A]
git_commit=ce90f3e062656194f8eecec5f74f8820b177e6f7
code_sha256=ae467110461c0d8409358d764701dd471778a4d248c55b46fefe47b3528be1c0
converter_code_sha256=db7546d06ab885d7e024bc47cb980ee9776b380cfe3bcab57f54eaea530f61f5
command=uv run --with pyarrow --with requests python tools/lerobot_conversion_scale.py --required
conversion scale: svla_so101_pickplace worker failed with exit 1: conversion-scale worker: 'url'
Command exited with non-zero status 1
	Command being timed: "env UV_NO_PROGRESS=1 uv run --with pyarrow --with requests python tools/lerobot_conversion_scale.py --required"
	User time (seconds): 4.50
	System time (seconds): 0.24
	Percent of CPU this job got: 101%
	Elapsed (wall clock) time (h:mm:ss or m:ss): 0:04.66
	Average shared text size (kbytes): 0
	Average unshared data size (kbytes): 0
	Average stack size (kbytes): 0
	Average total size (kbytes): 0
	Maximum resident set size (kbytes): 342404
	Average resident set size (kbytes): 0
	Major (requiring I/O) page faults: 0
	Minor (reclaiming a frame) page faults: 25940
	Voluntary context switches: 5882
	Involuntary context switches: 76
	Swaps: 0
	File system inputs: 0
	File system outputs: 9896
	Socket messages sent: 0
	Socket messages received: 0
	Signals delivered: 0
	Page size (bytes): 4096
	Exit status: 1
finished_utc=2026-07-20T15:48:13Z
