WorldEpisode LeRobot front-camera policy vision smoke
status={
  "status": "vision_smoke_failed",
  "pass": false
}
Command exited with non-zero status 1
	Command being timed: "/home/atellez/.local/bin/uv run --isolated --with lerobot[training,diffusion]==0.6.0 python tools/lerobot_policy_vision_smoke.py --repository-commit 9c4d5af94ff6f0cb4389a13018fe68302c728c46 --strict"
	User time (seconds): 20.49
	System time (seconds): 2.01
	Percent of CPU this job got: 139%
	Elapsed (wall clock) time (h:mm:ss or m:ss): 0:16.19
	Average shared text size (kbytes): 0
	Average unshared data size (kbytes): 0
	Average stack size (kbytes): 0
	Average total size (kbytes): 0
	Maximum resident set size (kbytes): 1043340
	Average resident set size (kbytes): 0
	Major (requiring I/O) page faults: 420
	Minor (reclaiming a frame) page faults: 468824
	Voluntary context switches: 3026
	Involuntary context switches: 518
	Swaps: 0
	File system inputs: 111184
	File system outputs: 275088
	Socket messages sent: 0
	Socket messages received: 0
	Signals delivered: 0
	Page size (bytes): 4096
	Exit status: 1
kages/lerobot/scripts/lerobot_train.py", line 259, in train
    dataset, eval_dataset = make_train_eval_datasets(cfg)
                            ^^^^^^^^^^^^^^^^^^^^^^^^^^^^^
  File "$UV_ENV/lib/python3.12/site-packages/lerobot/datasets/factory.py", line 147, in make_train_eval_datasets
    full_dataset = make_dataset(cfg)
                   ^^^^^^^^^^^^^^^^^
  File "$UV_ENV/lib/python3.12/site-packages/lerobot/datasets/factory.py", line 134, in make_dataset
    dataset.meta.stats[key][stats_type] = torch.tensor(stats, dtype=torch.float32)
    ~~~~~~~~~~~~~~~~~~^^^^^
KeyError: 'observation.images.front'

[diffusion]
status=failed_unexpectedly
return_code=1
duration_seconds=4.753782
Traceback (most recent call last):
  File "<frozen runpy>", line 198, in _run_module_as_main
  File "<frozen runpy>", line 88, in _run_code
  File "$UV_ENV/lib/python3.12/site-packages/lerobot/scripts/lerobot_train.py", line 777, in <module>
    main()
  File "$UV_ENV/lib/python3.12/site-packages/lerobot/scripts/lerobot_train.py", line 773, in main
    train()
  File "$UV_ENV/lib/python3.12/site-packages/lerobot/configs/parser.py", line 320, in wrapper_inner
    response = fn(cfg, *args, **kwargs)
               ^^^^^^^^^^^^^^^^^^^^^^^^
  File "$UV_ENV/lib/python3.12/site-packages/lerobot/scripts/lerobot_train.py", line 259, in train
    dataset, eval_dataset = make_train_eval_datasets(cfg)
                            ^^^^^^^^^^^^^^^^^^^^^^^^^^^^^
  File "$UV_ENV/lib/python3.12/site-packages/lerobot/datasets/factory.py", line 147, in make_train_eval_datasets
    full_dataset = make_dataset(cfg)
                   ^^^^^^^^^^^^^^^^^
  File "$UV_ENV/lib/python3.12/site-packages/lerobot/datasets/factory.py", line 134, in make_dataset
    dataset.meta.stats[key][stats_type] = torch.tensor(stats, dtype=torch.float32)
    ~~~~~~~~~~~~~~~~~~^^^^^
KeyError: 'observation.images.front'
