	Command being timed: "/home/atellez/.local/bin/uv run --isolated --with lerobot[training,diffusion]==0.6.0 python tools/lerobot_policy_vision_smoke.py --repository-commit 11aa8a2ffa4035d9f283a7b0d66f0823e05924b8 --strict"
	User time (seconds): 23.94
	System time (seconds): 9.91
	Percent of CPU this job got: 130%
	Elapsed (wall clock) time (h:mm:ss or m:ss): 0:25.91
	Average shared text size (kbytes): 0
	Average unshared data size (kbytes): 0
	Average stack size (kbytes): 0
	Average total size (kbytes): 0
	Maximum resident set size (kbytes): 2523764
	Average resident set size (kbytes): 0
	Major (requiring I/O) page faults: 0
	Minor (reclaiming a frame) page faults: 1112270
	Voluntary context switches: 7825
	Involuntary context switches: 696
	Swaps: 0
	File system inputs: 48
	File system outputs: 108216
	Socket messages sent: 0
	Socket messages received: 0
	Signals delivered: 0
	Page size (bytes): 4096
	Exit status: 0
